Archive member included to satisfy reference by file (symbol)

c:/program files (x86)/atmel/studio/7.0/toolchain/arm/arm-gnu-toolchain/bin/../lib/gcc/arm-none-eabi/6.3.1/thumb/v6-m\libgcc.a(_udivsi3.o)
                              src/ASF/sam0/drivers/can/can.o (__aeabi_uidiv)
c:/program files (x86)/atmel/studio/7.0/toolchain/arm/arm-gnu-toolchain/bin/../lib/gcc/arm-none-eabi/6.3.1/thumb/v6-m\libgcc.a(_dvmd_tls.o)
                              c:/program files (x86)/atmel/studio/7.0/toolchain/arm/arm-gnu-toolchain/bin/../lib/gcc/arm-none-eabi/6.3.1/thumb/v6-m\libgcc.a(_udivsi3.o) (__aeabi_idiv0)
c:/program files (x86)/atmel/studio/7.0/toolchain/arm/arm-gnu-toolchain/bin/../lib/gcc/arm-none-eabi/6.3.1/thumb/v6-m\libgcc.a(divsf3.o)
                              src/main.o (__aeabi_fdiv)
c:/program files (x86)/atmel/studio/7.0/toolchain/arm/arm-gnu-toolchain/bin/../lib/gcc/arm-none-eabi/6.3.1/thumb/v6-m\libgcc.a(floatsisf.o)
                              src/main.o (__aeabi_i2f)
c:/program files (x86)/atmel/studio/7.0/toolchain/arm/arm-gnu-toolchain/bin/../lib/gcc/arm-none-eabi/6.3.1/thumb/v6-m\libgcc.a(_clzsi2.o)
                              c:/program files (x86)/atmel/studio/7.0/toolchain/arm/arm-gnu-toolchain/bin/../lib/gcc/arm-none-eabi/6.3.1/thumb/v6-m\libgcc.a(divsf3.o) (__clzsi2)
c:/program files (x86)/atmel/studio/7.0/toolchain/arm/arm-gnu-toolchain/bin/../lib/gcc/arm-none-eabi/6.3.1/../../../../arm-none-eabi/lib/thumb/v6-m\libc_nano.a(lib_a-exit.o)
                              c:/program files (x86)/atmel/studio/7.0/toolchain/arm/arm-gnu-toolchain/bin/../lib/gcc/arm-none-eabi/6.3.1/../../../../arm-none-eabi/lib/thumb/v6-m/crt0.o (exit)
c:/program files (x86)/atmel/studio/7.0/toolchain/arm/arm-gnu-toolchain/bin/../lib/gcc/arm-none-eabi/6.3.1/../../../../arm-none-eabi/lib/thumb/v6-m\libc_nano.a(lib_a-impure.o)
                              c:/program files (x86)/atmel/studio/7.0/toolchain/arm/arm-gnu-toolchain/bin/../lib/gcc/arm-none-eabi/6.3.1/../../../../arm-none-eabi/lib/thumb/v6-m\libc_nano.a(lib_a-exit.o) (_global_impure_ptr)
c:/program files (x86)/atmel/studio/7.0/toolchain/arm/arm-gnu-toolchain/bin/../lib/gcc/arm-none-eabi/6.3.1/../../../../arm-none-eabi/lib/thumb/v6-m\libc_nano.a(lib_a-init.o)
                              c:/program files (x86)/atmel/studio/7.0/toolchain/arm/arm-gnu-toolchain/bin/../lib/gcc/arm-none-eabi/6.3.1/../../../../arm-none-eabi/lib/thumb/v6-m/crt0.o (__libc_init_array)
c:/program files (x86)/atmel/studio/7.0/toolchain/arm/arm-gnu-toolchain/bin/../lib/gcc/arm-none-eabi/6.3.1/../../../../arm-none-eabi/lib/thumb/v6-m\libc_nano.a(lib_a-memcpy-stub.o)
                              src/ASF/sam0/drivers/can/can.o (memcpy)
c:/program files (x86)/atmel/studio/7.0/toolchain/arm/arm-gnu-toolchain/bin/../lib/gcc/arm-none-eabi/6.3.1/../../../../arm-none-eabi/lib/thumb/v6-m\libc_nano.a(lib_a-memset.o)
                              c:/program files (x86)/atmel/studio/7.0/toolchain/arm/arm-gnu-toolchain/bin/../lib/gcc/arm-none-eabi/6.3.1/../../../../arm-none-eabi/lib/thumb/v6-m/crt0.o (memset)

Allocating common symbols
Common symbol       size              file

can_instance        0x4               src/main.o
received_value      0x4               src/main.o
gclk_chan_conf      0x1               src/ASF/sam0/drivers/can/can.o

Discarded input sections

 .text          0x00000000        0x0 c:/program files (x86)/atmel/studio/7.0/toolchain/arm/arm-gnu-toolchain/bin/../lib/gcc/arm-none-eabi/6.3.1/thumb/v6-m/crti.o
 .data          0x00000000        0x0 c:/program files (x86)/atmel/studio/7.0/toolchain/arm/arm-gnu-toolchain/bin/../lib/gcc/arm-none-eabi/6.3.1/thumb/v6-m/crti.o
 .bss           0x00000000        0x0 c:/program files (x86)/atmel/studio/7.0/toolchain/arm/arm-gnu-toolchain/bin/../lib/gcc/arm-none-eabi/6.3.1/thumb/v6-m/crti.o
 .data          0x00000000        0x4 c:/program files (x86)/atmel/studio/7.0/toolchain/arm/arm-gnu-toolchain/bin/../lib/gcc/arm-none-eabi/6.3.1/thumb/v6-m/crtbegin.o
 .text          0x00000000       0x78 c:/program files (x86)/atmel/studio/7.0/toolchain/arm/arm-gnu-toolchain/bin/../lib/gcc/arm-none-eabi/6.3.1/../../../../arm-none-eabi/lib/thumb/v6-m/crt0.o
 .data          0x00000000        0x0 c:/program files (x86)/atmel/studio/7.0/toolchain/arm/arm-gnu-toolchain/bin/../lib/gcc/arm-none-eabi/6.3.1/../../../../arm-none-eabi/lib/thumb/v6-m/crt0.o
 .bss           0x00000000        0x0 c:/program files (x86)/atmel/studio/7.0/toolchain/arm/arm-gnu-toolchain/bin/../lib/gcc/arm-none-eabi/6.3.1/../../../../arm-none-eabi/lib/thumb/v6-m/crt0.o
 .ARM.extab     0x00000000        0x0 c:/program files (x86)/atmel/studio/7.0/toolchain/arm/arm-gnu-toolchain/bin/../lib/gcc/arm-none-eabi/6.3.1/../../../../arm-none-eabi/lib/thumb/v6-m/crt0.o
 .ARM.exidx     0x00000000        0x8 c:/program files (x86)/atmel/studio/7.0/toolchain/arm/arm-gnu-toolchain/bin/../lib/gcc/arm-none-eabi/6.3.1/../../../../arm-none-eabi/lib/thumb/v6-m/crt0.o
 .ARM.attributes
[...]
Memory Configuration

Name             Origin             Length             Attributes
rom              0x00000000         0x00008000         xr
ram              0x20000000         0x00001000         xrw
*default*        0x00000000         0xffffffff

Linker script and memory map

LOAD c:/program files (x86)/atmel/studio/7.0/toolchain/arm/arm-gnu-toolchain/bin/../lib/gcc/arm-none-eabi/6.3.1/thumb/v6-m/crti.o
LOAD c:/program files (x86)/atmel/studio/7.0/toolchain/arm/arm-gnu-toolchain/bin/../lib/gcc/arm-none-eabi/6.3.1/thumb/v6-m/crtbegin.o
LOAD c:/program files (x86)/atmel/studio/7.0/toolchain/arm/arm-gnu-toolchain/bin/../lib/gcc/arm-none-eabi/6.3.1/../../../../arm-none-eabi/lib/thumb/v6-m/crt0.o
LOAD src/ASF/sam0/drivers/can/can.o
LOAD src/ASF/common2/boards/user_board/init.o
LOAD src/ASF/common/utils/interrupt/interrupt_sam_nvic.o
LOAD src/ASF/sam0/drivers/system/clock/clock_samc20_c21/clock.o
LOAD src/ASF/sam0/drivers/system/clock/clock_samc20_c21/gclk.o
LOAD src/ASF/sam0/drivers/system/interrupt/system_interrupt.o
LOAD src/ASF/sam0/drivers/system/pinmux/pinmux.o
LOAD src/ASF/sam0/drivers/system/system.o
LOAD src/ASF/sam0/utils/cmsis/samc21/source/gcc/startup_samc21.o
LOAD src/ASF/sam0/utils/cmsis/samc21/source/system_samc21.o
LOAD src/ASF/sam0/utils/syscalls/gcc/syscalls.o
LOAD src/main.o
START GROUP
LOAD ../src/ASF/thirdparty/CMSIS/Lib/GCC\libarm_cortexM0l_math.a
LOAD c:/program files (x86)/atmel/studio/7.0/toolchain/arm/arm-gnu-toolchain/bin/../lib/gcc/arm-none-eabi/6.3.1/../../../../arm-none-eabi/lib/thumb/v6-m\libm.a
END GROUP
START GROUP
LOAD c:/program files (x86)/atmel/studio/7.0/toolchain/arm/arm-gnu-toolchain/bin/../lib/gcc/arm-none-eabi/6.3.1/thumb/v6-m\libgcc.a
LOAD c:/program files (x86)/atmel/studio/7.0/toolchain/arm/arm-gnu-toolchain/bin/../lib/gcc/arm-none-eabi/6.3.1/../../../../arm-none-eabi/lib/thumb/v6-m\libc_nano.a
END GROUP
START GROUP
LOAD c:/program files (x86)/atmel/studio/7.0/toolchain/arm/arm-gnu-toolchain/bin/../lib/gcc/arm-none-eabi/6.3.1/thumb/v6-m\libgcc.a
LOAD c:/program files (x86)/atmel/studio/7.0/toolchain/arm/arm-gnu-toolchain/bin/../lib/gcc/arm-none-eabi/6.3.1/../../../../arm-none-eabi/lib/thumb/v6-m\libc_nano.a
END GROUP
LOAD c:/program files (x86)/atmel/studio/7.0/toolchain/arm/arm-gnu-toolchain/bin/../lib/gcc/arm-none-eabi/6.3.1/thumb/v6-m/crtend.o
LOAD c:/program files (x86)/atmel/studio/7.0/toolchain/arm/arm-gnu-toolchain/bin/../lib/gcc/arm-none-eabi/6.3.1/thumb/v6-m/crtn.o
                0x00000400                STACK_SIZE = DEFINED (STACK_SIZE)?STACK_SIZE:DEFINED (__stack_size__)?__stack_size__:0x400

.text           0x00000000      0xfa0
                0x00000000                . = ALIGN (0x4)
                0x00000000                _sfixed = .
 *(.vectors .vectors.*)
 .vectors       0x00000000       0xbc src/ASF/sam0/utils/cmsis/samc21/source/gcc/startup_samc21.o
                0x00000000                exception_table
 *(.text .text.* .gnu.linkonce.t.*)
 .text          0x000000bc       0x60 c:/program files (x86)/atmel/studio/7.0/toolchain/arm/arm-gnu-toolchain/bin/../lib/gcc/arm-none-eabi/6.3.1/thumb/v6-m/crtbegin.o
 .text._can_enable_peripheral_clock
                0x0000011c       0x38 src/ASF/sam0/drivers/can/can.o
 .text.can_init
                0x00000154      0x2fc src/ASF/sam0/drivers/can/can.o
                0x00000154                can_init
 .text.can_start
                0x00000450       0x16 src/ASF/sam0/drivers/can/can.o
                0x00000450                can_start
 *fill*         0x00000466        0x2 
 .text.can_get_rx_fifo_0_element
                0x00000468       0x50 src/ASF/sam0/drivers/can/can.o
                0x00000468                can_get_rx_fifo_0_element
 .text.can_set_tx_buffer_element
                0x000004b8       0x74 src/ASF/sam0/drivers/can/can.o
                0x000004b8                can_set_tx_buffer_element
 .text.system_board_init
                0x0000052c        0x2 src/ASF/common2/boards/user_board/init.o
                0x0000052c                board_init
                0x0000052c                system_board_init
 *fill*         0x0000052e        0x2 
 .text.cpu_irq_enter_critical
                0x00000530       0x40 src/ASF/common/utils/interrupt/interrupt_sam_nvic.o
                0x00000530                cpu_irq_enter_critical
 .text.cpu_irq_leave_critical
                0x00000570       0x30 src/ASF/common/utils/interrupt/interrupt_sam_nvic.o
                0x00000570                cpu_irq_leave_critical
 .text.system_clock_init
                0x000005a0       0x64 src/ASF/sam0/drivers/system/clock/clock_samc20_c21/clock.o
                0x000005a0                system_clock_init
 .text.system_gclk_init
                0x00000604       0x24 src/ASF/sam0/drivers/system/clock/clock_samc20_c21/gclk.o
                0x00000604                system_gclk_init
 .text.system_gclk_gen_set_config
                0x00000628       0xac src/ASF/sam0/drivers/system/clock/clock_samc20_c21/gclk.o
                0x00000628                system_gclk_gen_set_config
 .text.system_gclk_gen_enable
                0x000006d4       0x40 src/ASF/sam0/drivers/system/clock/clock_samc20_c21/gclk.o
                0x000006d4                system_gclk_gen_enable
 .text.system_gclk_chan_enable
                0x00000714       0x38 src/ASF/sam0/drivers/system/clock/clock_samc20_c21/gclk.o
                0x00000714                system_gclk_chan_enable
 .text.system_gclk_chan_disable
                0x0000074c       0x38 src/ASF/sam0/drivers/system/clock/clock_samc20_c21/gclk.o
                0x0000074c                system_gclk_chan_disable
 .text.system_gclk_chan_set_config
                0x00000784       0x24 src/ASF/sam0/drivers/system/clock/clock_samc20_c21/gclk.o
                0x00000784                system_gclk_chan_set_config
 .text._system_pinmux_config
                0x000007a8       0xa8 src/ASF/sam0/drivers/system/pinmux/pinmux.o
 .text.system_pinmux_pin_set_config
                0x00000850       0x2c src/ASF/sam0/drivers/system/pinmux/pinmux.o
                0x00000850                system_pinmux_pin_set_config
 .text._system_dummy_init
                0x0000087c        0x2 src/ASF/sam0/drivers/system/system.o
                0x0000087c                _system_extint_init
                0x0000087c                _system_events_init
                0x0000087c                _system_dummy_init
                0x0000087c                _system_divas_init
 *fill*         0x0000087e        0x2 
 .text.system_init
                0x00000880       0x2c src/ASF/sam0/drivers/system/system.o
                0x00000880                system_init
 .text.Dummy_Handler
                0x000008ac        0x2 src/ASF/sam0/utils/cmsis/samc21/source/gcc/startup_samc21.o
                0x000008ac                DMAC_Handler
                0x000008ac                HardFault_Handler
                0x000008ac                TC2_Handler
                0x000008ac                AC_Handler
                0x000008ac                SysTick_Handler
                0x000008ac                PendSV_Handler
                0x000008ac                NMI_Handler
                0x000008ac                SERCOM1_Handler
                0x000008ac                TCC1_Handler
                0x000008ac                SERCOM2_Handler
                0x000008ac                TCC0_Handler
                0x000008ac                RTC_Handler
                0x000008ac                ADC1_Handler
                0x000008ac                EIC_Handler
                0x000008ac                WDT_Handler
                0x000008ac                CAN0_Handler
                0x000008ac                TC4_Handler
                0x000008ac                TC1_Handler
                0x000008ac                TC3_Handler
                0x000008ac                SDADC_Handler
                0x000008ac                Dummy_Handler
                0x000008ac                SERCOM5_Handler
                0x000008ac                CAN1_Handler
                0x000008ac                ADC0_Handler
                0x000008ac                TSENS_Handler
                0x000008ac                SVC_Handler
                0x000008ac                TCC2_Handler
                0x000008ac                EVSYS_Handler
                0x000008ac                SERCOM3_Handler
                0x000008ac                SERCOM4_Handler
                0x000008ac                NVMCTRL_Handler
                0x000008ac                SYSTEM_Handler
                0x000008ac                SERCOM0_Handler
                0x000008ac                DAC_Handler
                0x000008ac                PTC_Handler
                0x000008ac                FREQM_Handler
                0x000008ac                TC0_Handler
 *fill*         0x000008ae        0x2 
 .text.Reset_Handler
                0x000008b0       0x88 src/ASF/sam0/utils/cmsis/samc21/source/gcc/startup_samc21.o
                0x000008b0                Reset_Handler
 .text.configure_can_pins
                0x00000938       0x2c src/main.o
                0x00000938                configure_can_pins
 .text.configure_can
                0x00000964       0x84 src/main.o
                0x00000964                configure_can
 .text.send_can_message
                0x000009e8       0xac src/main.o
                0x000009e8                send_can_message
 .text.CAN0_Handler1
                0x00000a94       0x64 src/main.o
                0x00000a94                CAN0_Handler1
 .text.main     0x00000af8       0x40 src/main.o
                0x00000af8                main
 .text          0x00000b38      0x290 c:/program files (x86)/atmel/studio/7.0/toolchain/arm/arm-gnu-toolchain/bin/../lib/gcc/arm-none-eabi/6.3.1/thumb/v6-m\libgcc.a(divsf3.o)
                0x00000b38                __aeabi_fdiv
 .text          0x00000dc8       0xa0 c:/program files (x86)/atmel/studio/7.0/toolchain/arm/arm-gnu-toolchain/bin/../lib/gcc/arm-none-eabi/6.3.1/thumb/v6-m\libgcc.a(floatsisf.o)
                0x00000dc8                __aeabi_i2f
 .text          0x00000e68       0x3c c:/program files (x86)/atmel/studio/7.0/toolchain/arm/arm-gnu-toolchain/bin/../lib/gcc/arm-none-eabi/6.3.1/thumb/v6-m\libgcc.a(_clzsi2.o)
                0x00000e68                __clzsi2
 .text.__libc_init_array
                0x00000ea4       0x48 c:/program files (x86)/atmel/studio/7.0/toolchain/arm/arm-gnu-toolchain/bin/../lib/gcc/arm-none-eabi/6.3.1/../../../../arm-none-eabi/lib/thumb/v6-m\libc_nano.a(lib_a-init.o)
                0x00000ea4                __libc_init_array
 .text.memcpy   0x00000eec       0x12 c:/program files (x86)/atmel/studio/7.0/toolchain/arm/arm-gnu-toolchain/bin/../lib/gcc/arm-none-eabi/6.3.1/../../../../arm-none-eabi/lib/thumb/v6-m\libc_nano.a(lib_a-memcpy-stub.o)
                0x00000eec                memcpy
 *(.glue_7t)
 .glue_7t       0x00000efe        0x0 linker stubs
 *(.glue_7)
 .glue_7        0x00000efe        0x0 linker stubs
 *(.rodata .rodata* .gnu.linkonce.r.*)
 *fill*         0x00000efe        0x2 
 .rodata        0x00000f00       0x80 c:/program files (x86)/atmel/studio/7.0/toolchain/arm/arm-gnu-toolchain/bin/../lib/gcc/arm-none-eabi/6.3.1/thumb/v6-m\libgcc.a(divsf3.o)
 *(.ARM.extab* .gnu.linkonce.armextab.*)
                0x00000f80                . = ALIGN (0x4)
 *(.init)
 .init          0x00000f80        0x4 c:/program files (x86)/atmel/studio/7.0/toolchain/arm/arm-gnu-toolchain/bin/../lib/gcc/arm-none-eabi/6.3.1/thumb/v6-m/crti.o
                0x00000f80                _init
 .init          0x00000f84        0x8 c:/program files (x86)/atmel/studio/7.0/toolchain/arm/arm-gnu-toolchain/bin/../lib/gcc/arm-none-eabi/6.3.1/thumb/v6-m/crtn.o
                0x00000f8c                . = ALIGN (0x4)
                0x00000f8c                __preinit_array_start = .
 *(.preinit_array)
                0x00000f8c                __preinit_array_end = .
                0x00000f8c                . = ALIGN (0x4)
                0x00000f8c                __init_array_start = .
 *(SORT(.init_array.*))
 *(.init_array)
 .init_array    0x00000f8c        0x4 c:/program files (x86)/atmel/studio/7.0/toolchain/arm/arm-gnu-toolchain/bin/../lib/gcc/arm-none-eabi/6.3.1/thumb/v6-m/crtbegin.o
                0x00000f90                __init_array_end = .
                0x00000f90                . = ALIGN (0x4)
 *crtbegin.o(.ctors)
 *(EXCLUDE_FILE(*crtend.o) .ctors)
 *(SORT(.ctors.*))
 *crtend.o(.ctors)
                0x00000f90                . = ALIGN (0x4)
 *(.fini)
 .fini          0x00000f90        0x4 c:/program files (x86)/atmel/studio/7.0/toolchain/arm/arm-gnu-toolchain/bin/../lib/gcc/arm-none-eabi/6.3.1/thumb/v6-m/crti.o
                0x00000f90                _fini
 .fini          0x00000f94        0x8 c:/program files (x86)/atmel/studio/7.0/toolchain/arm/arm-gnu-toolchain/bin/../lib/gcc/arm-none-eabi/6.3.1/thumb/v6-m/crtn.o
                0x00000f9c                . = ALIGN (0x4)
                0x00000f9c                __fini_array_start = .
 *(.fini_array)
 .fini_array    0x00000f9c        0x4 c:/program files (x86)/atmel/studio/7.0/toolchain/arm/arm-gnu-toolchain/bin/../lib/gcc/arm-none-eabi/6.3.1/thumb/v6-m/crtbegin.o
 *(SORT(.fini_array.*))
                0x00000fa0                __fini_array_end = .
 *crtbegin.o(.dtors)
 *(EXCLUDE_FILE(*crtend.o) .dtors)
 *(SORT(.dtors.*))
 *crtend.o(.dtors)
                0x00000fa0                . = ALIGN (0x4)
                0x00000fa0                _efixed = .
                [!provide]                PROVIDE (__exidx_start, .)

.vfp11_veneer   0x00000fa0        0x0
 .vfp11_veneer  0x00000fa0        0x0 linker stubs

.v4_bx          0x00000fa0        0x0
 .v4_bx         0x00000fa0        0x0 linker stubs

.iplt           0x00000fa0        0x0
 .iplt          0x00000fa0        0x0 c:/program files (x86)/atmel/studio/7.0/toolchain/arm/arm-gnu-toolchain/bin/../lib/gcc/arm-none-eabi/6.3.1/thumb/v6-m/crtbegin.o

.eh_frame       0x00000fa0        0x0
 .eh_frame      0x00000fa0        0x0 c:/program files (x86)/atmel/studio/7.0/toolchain/arm/arm-gnu-toolchain/bin/../lib/gcc/arm-none-eabi/6.3.1/thumb/v6-m/crtbegin.o

.rel.dyn        0x00000fa0        0x0
 .rel.iplt      0x00000fa0        0x0 c:/program files (x86)/atmel/studio/7.0/toolchain/arm/arm-gnu-toolchain/bin/../lib/gcc/arm-none-eabi/6.3.1/thumb/v6-m/crtbegin.o

.jcr            0x00000fa0        0x0
 .jcr           0x00000fa0        0x0 c:/program files (x86)/atmel/studio/7.0/toolchain/arm/arm-gnu-toolchain/bin/../lib/gcc/arm-none-eabi/6.3.1/thumb/v6-m/crtbegin.o

.igot.plt       0x00000fa0        0x0
 .igot.plt      0x00000fa0        0x0 c:/program files (x86)/atmel/studio/7.0/toolchain/arm/arm-gnu-toolchain/bin/../lib/gcc/arm-none-eabi/6.3.1/thumb/v6-m/crtbegin.o

.ARM.exidx
 *(.ARM.exidx* .gnu.linkonce.armexidx.*)
                [!provide]                PROVIDE (__exidx_end, .)
                0x00000fa0                . = ALIGN (0x4)
                0x00000fa0                _etext = .

.relocate       0x20000000        0x8 load address 0x00000fa0
                0x20000000                . = ALIGN (0x4)
                0x20000000                _srelocate = .
 *(.ramfunc .ramfunc.*)
 *(.data .data.*)
 .data.g_interrupt_enabled
                0x20000000        0x1 src/ASF/common/utils/interrupt/interrupt_sam_nvic.o
                0x20000000                g_interrupt_enabled
 *fill*         0x20000001        0x1 
 .data.set_current
                0x20000002        0x2 src/main.o
                0x20000002                set_current
 .data.set_voltage
                0x20000004        0x2 src/main.o
                0x20000004                set_voltage
                0x20000008                . = ALIGN (0x4)
 *fill*         0x20000006        0x2 
                0x20000008                _erelocate = .

.bss            0x20000008      0x9b8 load address 0x00000fa8
                0x20000008                . = ALIGN (0x4)
                0x20000008                _sbss = .
                0x20000008                _szero = .
 *(.bss .bss.*)
 .bss           0x20000008       0x1c c:/program files (x86)/atmel/studio/7.0/toolchain/arm/arm-gnu-toolchain/bin/../lib/gcc/arm-none-eabi/6.3.1/thumb/v6-m/crtbegin.o
 .bss.can0_rx_buffer
                0x20000024      0x100 src/ASF/sam0/drivers/can/can.o
 .bss.can0_rx_extended_filter
                0x20000124       0x80 src/ASF/sam0/drivers/can/can.o
 .bss.can0_rx_fifo_0
                0x200001a4      0x100 src/ASF/sam0/drivers/can/can.o
 .bss.can0_rx_fifo_1
                0x200002a4      0x100 src/ASF/sam0/drivers/can/can.o
 .bss.can0_rx_standard_filter
                0x200003a4       0x80 src/ASF/sam0/drivers/can/can.o
 .bss.can0_tx_buffer
                0x20000424       0x80 src/ASF/sam0/drivers/can/can.o
 .bss.can0_tx_event_fifo
                0x200004a4       0x40 src/ASF/sam0/drivers/can/can.o
 .bss.can1_rx_buffer
                0x200004e4      0x100 src/ASF/sam0/drivers/can/can.o
 .bss.can1_rx_extended_filter
                0x200005e4       0x80 src/ASF/sam0/drivers/can/can.o
 .bss.can1_rx_fifo_0
                0x20000664      0x100 src/ASF/sam0/drivers/can/can.o
 .bss.can1_rx_fifo_1
                0x20000764      0x100 src/ASF/sam0/drivers/can/can.o
 .bss.can1_rx_standard_filter
                0x20000864       0x80 src/ASF/sam0/drivers/can/can.o
 .bss.can1_tx_buffer
                0x200008e4       0x80 src/ASF/sam0/drivers/can/can.o
 .bss.can1_tx_event_fifo
                0x20000964       0x40 src/ASF/sam0/drivers/can/can.o
 .bss.cpu_irq_critical_section_counter
                0x200009a4        0x4 src/ASF/common/utils/interrupt/interrupt_sam_nvic.o
 .bss.cpu_irq_prev_interrupt_state
                0x200009a8        0x1 src/ASF/common/utils/interrupt/interrupt_sam_nvic.o
 *fill*         0x200009a9        0x3 
 .bss.rec_current
                0x200009ac        0x4 src/main.o
                0x200009ac                rec_current
 .bss.rec_voltage
                0x200009b0        0x4 src/main.o
                0x200009b0                rec_voltage
 *(COMMON)
 COMMON         0x200009b4        0x1 src/ASF/sam0/drivers/can/can.o
                0x200009b4                gclk_chan_conf
 *fill*         0x200009b5        0x3 
 COMMON         0x200009b8        0x8 src/main.o
                0x200009b8                can_instance
                0x200009bc                received_value
                0x200009c0                . = ALIGN (0x4)
                0x200009c0                _ebss = .
                0x200009c0                _ezero = .

.stack          0x200009c0      0x400 load address 0x00001960
                0x200009c0                . = ALIGN (0x8)
                0x200009c0                _sstack = .
                0x20000dc0                . = (. + STACK_SIZE)
 *fill*         0x200009c0      0x400 
                0x20000dc0                . = ALIGN (0x8)
                0x20000dc0                _estack = .
                0x20000dc0                . = ALIGN (0x4)
                0x20000dc0                _end = .
OUTPUT(Task1.elf elf32-littlearm)

.ARM.attributes
                0x00000000       0x28
 .ARM.attributes
                0x00000000       0x1e c:/program files (x86)/atmel/studio/7.0/toolchain/arm/arm-gnu-toolchain/bin/../lib/gcc/arm-none-eabi/6.3.1/thumb/v6-m/crti.o
 .ARM.attributes
                0x0000001e       0x2c c:/program files (x86)/atmel/studio/7.0/toolchain/arm/arm-gnu-toolchain/bin/../lib/gcc/arm-none-eabi/6.3.1/thumb/v6-m/crtbegin.o
 .ARM.attributes
                0x0000004a       0x32 src/ASF/sam0/drivers/can/can.o
 .ARM.attributes
                0x0000007c       0x32 src/ASF/common2/boards/user_board/init.o
 .ARM.attributes
                0x000000ae       0x32 src/ASF/common/utils/interrupt/interrupt_sam_nvic.o
 .ARM.attributes
                0x000000e0       0x32 src/ASF/sam0/drivers/system/clock/clock_samc20_c21/clock.o
 .ARM.attributes
                0x00000112       0x32 src/ASF/sam0/drivers/system/clock/clock_samc20_c21/gclk.o
 .ARM.attributes
                0x00000144       0x32 src/ASF/sam0/drivers/system/pinmux/pinmux.o
 .ARM.attributes
                0x00000176       0x32 src/ASF/sam0/drivers/system/system.o
 .ARM.attributes
                0x000001a8       0x32 src/ASF/sam0/utils/cmsis/samc21/source/gcc/startup_samc21.o
 .ARM.attributes
                0x000001da       0x32 src/main.o
 .ARM.attributes
                0x0000020c       0x2c c:/program files (x86)/atmel/studio/7.0/toolchain/arm/arm-gnu-toolchain/bin/../lib/gcc/arm-none-eabi/6.3.1/thumb/v6-m\libgcc.a(divsf3.o)
 .ARM.attributes
                0x00000238       0x2c c:/program files (x86)/atmel/studio/7.0/toolchain/arm/arm-gnu-toolchain/bin/../lib/gcc/arm-none-eabi/6.3.1/thumb/v6-m\libgcc.a(floatsisf.o)
 .ARM.attributes
                0x00000264       0x1e c:/program files (x86)/atmel/studio/7.0/toolchain/arm/arm-gnu-toolchain/bin/../lib/gcc/arm-none-eabi/6.3.1/thumb/v6-m\libgcc.a(_clzsi2.o)
 .ARM.attributes
                0x00000282       0x2c c:/program files (x86)/atmel/studio/7.0/toolchain/arm/arm-gnu-toolchain/bin/../lib/gcc/arm-none-eabi/6.3.1/../../../../arm-none-eabi/lib/thumb/v6-m\libc_nano.a(lib_a-init.o)
 .ARM.attributes
                0x000002ae       0x2c c:/program files (x86)/atmel/studio/7.0/toolchain/arm/arm-gnu-toolchain/bin/../lib/gcc/arm-none-eabi/6.3.1/../../../../arm-none-eabi/lib/thumb/v6-m\libc_nano.a(lib_a-memcpy-stub.o)
 .ARM.attributes
                0x000002da       0x1e c:/program files (x86)/atmel/studio/7.0/toolchain/arm/arm-gnu-toolchain/bin/../lib/gcc/arm-none-eabi/6.3.1/thumb/v6-m/crtn.o

.comment        0x00000000       0x59
 .comment       0x00000000       0x59 src/ASF/sam0/drivers/can/can.o
                                 0x5a (size before relaxing)
 .comment       0x00000059       0x5a src/ASF/common2/boards/user_board/init.o
 .comment       0x00000059       0x5a src/ASF/common/utils/interrupt/interrupt_sam_nvic.o
 .comment       0x00000059       0x5a src/ASF/sam0/drivers/system/clock/clock_samc20_c21/clock.o
 .comment       0x00000059       0x5a src/ASF/sam0/drivers/system/clock/clock_samc20_c21/gclk.o
 .comment       0x00000059       0x5a src/ASF/sam0/drivers/system/pinmux/pinmux.o
 .comment       0x00000059       0x5a src/ASF/sam0/drivers/system/system.o
 .comment       0x00000059       0x5a src/ASF/sam0/utils/cmsis/samc21/source/gcc/startup_samc21.o
 .comment       0x00000059       0x5a src/main.o

.debug_info     0x00000000    0x1301f
 .debug_info    0x00000000     0x5604 src/ASF/sam0/drivers/can/can.o
 .debug_info    0x00005604      0xa3f src/ASF/common2/boards/user_board/init.o
 .debug_info    0x00006043      0xb05 src/ASF/common/utils/interrupt/interrupt_sam_nvic.o
 .debug_info    0x00006b48     0x381a src/ASF/sam0/drivers/system/clock/clock_samc20_c21/clock.o
 .debug_info    0x0000a362     0x1c3d src/ASF/sam0/drivers/system/clock/clock_samc20_c21/gclk.o
 .debug_info    0x0000bf9f     0x1391 src/ASF/sam0/drivers/system/pinmux/pinmux.o
 .debug_info    0x0000d330      0xa73 src/ASF/sam0/drivers/system/system.o
 .debug_info    0x0000dda3      0x523 src/ASF/sam0/utils/cmsis/samc21/source/gcc/startup_samc21.o
 .debug_info    0x0000e2c6     0x4d59 src/main.o

.debug_abbrev   0x00000000     0x1a47
 .debug_abbrev  0x00000000      0x434 src/ASF/sam0/drivers/can/can.o
 .debug_abbrev  0x00000434      0x1be src/ASF/common2/boards/user_board/init.o
 .debug_abbrev  0x000005f2      0x23b src/ASF/common/utils/interrupt/interrupt_sam_nvic.o
 .debug_abbrev  0x0000082d      0x3f1 src/ASF/sam0/drivers/system/clock/clock_samc20_c21/clock.o
 .debug_abbrev  0x00000c1e      0x405 src/ASF/sam0/drivers/system/clock/clock_samc20_c21/gclk.o
 .debug_abbrev  0x00001023      0x34c src/ASF/sam0/drivers/system/pinmux/pinmux.o
 .debug_abbrev  0x0000136f      0x1e1 src/ASF/sam0/drivers/system/system.o
 .debug_abbrev  0x00001550      0x14f src/ASF/sam0/utils/cmsis/samc21/source/gcc/startup_samc21.o
 .debug_abbrev  0x0000169f      0x3a8 src/main.o

.debug_loc      0x00000000     0x2423
 .debug_loc     0x00000000      0xab2 src/ASF/sam0/drivers/can/can.o
 .debug_loc     0x00000ab2      0xd68 src/ASF/sam0/drivers/system/clock/clock_samc20_c21/clock.o
 .debug_loc     0x0000181a      0x4dd src/ASF/sam0/drivers/system/clock/clock_samc20_c21/gclk.o
 .debug_loc     0x00001cf7      0x36d src/ASF/sam0/drivers/system/pinmux/pinmux.o
 .debug_loc     0x00002064       0x20 src/ASF/sam0/drivers/system/system.o
 .debug_loc     0x00002084       0x40 src/ASF/sam0/utils/cmsis/samc21/source/gcc/startup_samc21.o
 .debug_loc     0x000020c4      0x35f src/main.o

.debug_aranges  0x00000000      0x2e8
 .debug_aranges
                0x00000000       0xd0 src/ASF/sam0/drivers/can/can.o
 .debug_aranges
                0x000000d0       0x20 src/ASF/common2/boards/user_board/init.o
 .debug_aranges
                0x000000f0       0x28 src/ASF/common/utils/interrupt/interrupt_sam_nvic.o
 .debug_aranges
                0x00000118       0x78 src/ASF/sam0/drivers/system/clock/clock_samc20_c21/clock.o
 .debug_aranges
                0x00000190       0x80 src/ASF/sam0/drivers/system/clock/clock_samc20_c21/gclk.o
 .debug_aranges
                0x00000210       0x40 src/ASF/sam0/drivers/system/pinmux/pinmux.o
 .debug_aranges
                0x00000250       0x28 src/ASF/sam0/drivers/system/system.o
 .debug_aranges
                0x00000278       0x28 src/ASF/sam0/utils/cmsis/samc21/source/gcc/startup_samc21.o
 .debug_aranges
                0x000002a0       0x48 src/main.o

.debug_ranges   0x00000000      0x290
 .debug_ranges  0x00000000       0xe0 src/ASF/sam0/drivers/can/can.o
 .debug_ranges  0x000000e0       0x10 src/ASF/common2/boards/user_board/init.o
 .debug_ranges  0x000000f0       0x18 src/ASF/common/utils/interrupt/interrupt_sam_nvic.o
 .debug_ranges  0x00000108       0x68 src/ASF/sam0/drivers/system/clock/clock_samc20_c21/clock.o
 .debug_ranges  0x00000170       0x88 src/ASF/sam0/drivers/system/clock/clock_samc20_c21/gclk.o
 .debug_ranges  0x000001f8       0x30 src/ASF/sam0/drivers/system/pinmux/pinmux.o
 .debug_ranges  0x00000228       0x18 src/ASF/sam0/drivers/system/system.o
 .debug_ranges  0x00000240       0x18 src/ASF/sam0/utils/cmsis/samc21/source/gcc/startup_samc21.o
 .debug_ranges  0x00000258       0x38 src/main.o

.debug_macro    0x00000000    0x1bf7d
 .debug_macro   0x00000000      0x66a src/ASF/sam0/drivers/can/can.o
 .debug_macro   0x0000066a      0x8aa src/ASF/sam0/drivers/can/can.o
 .debug_macro   0x00000f14      0x16d src/ASF/sam0/drivers/can/can.o
 .debug_macro   0x00001081      0x71d src/ASF/sam0/drivers/can/can.o
 .debug_macro   0x0000179e       0x22 src/ASF/sam0/drivers/can/can.o
 .debug_macro   0x000017c0       0x87 src/ASF/sam0/drivers/can/can.o
 .debug_macro   0x00001847       0x51 src/ASF/sam0/drivers/can/can.o
 .debug_macro   0x00001898       0xef src/ASF/sam0/drivers/can/can.o
 .debug_macro   0x00001987       0x6a src/ASF/sam0/drivers/can/can.o
 .debug_macro   0x000019f1      0x1df src/ASF/sam0/drivers/can/can.o
 .debug_macro   0x00001bd0       0x10 src/ASF/sam0/drivers/can/can.o
 .debug_macro   0x00001be0       0x76 src/ASF/sam0/drivers/can/can.o
 .debug_macro   0x00001c56       0x16 src/ASF/sam0/drivers/can/can.o
 .debug_macro   0x00001c6c      0x6db src/ASF/sam0/drivers/can/can.o
 .debug_macro   0x00002347      0xdd8 src/ASF/sam0/drivers/can/can.o
 .debug_macro   0x0000311f       0x22 src/ASF/sam0/drivers/can/can.o
 .debug_macro   0x00003141       0x40 src/ASF/sam0/drivers/can/can.o
 .debug_macro   0x00003181       0x1c src/ASF/sam0/drivers/can/can.o
 .debug_macro   0x0000319d       0x22 src/ASF/sam0/drivers/can/can.o
 .debug_macro   0x000031bf       0xb5 src/ASF/sam0/drivers/can/can.o
 .debug_macro   0x00003274      0x4da src/ASF/sam0/drivers/can/can.o
 .debug_macro   0x0000374e      0x11f src/ASF/sam0/drivers/can/can.o
 .debug_macro   0x0000386d      0x897 src/ASF/sam0/drivers/can/can.o
 .debug_macro   0x00004104      0x8c4 src/ASF/sam0/drivers/can/can.o
 .debug_macro   0x000049c8     0x2d61 src/ASF/sam0/drivers/can/can.o
 .debug_macro   0x00007729      0x222 src/ASF/sam0/drivers/can/can.o
 .debug_macro   0x0000794b      0x286 src/ASF/sam0/drivers/can/can.o
 .debug_macro   0x00007bd1      0x137 src/ASF/sam0/drivers/can/can.o
 .debug_macro   0x00007d08      0xc3a src/ASF/sam0/drivers/can/can.o
 .debug_macro   0x00008942      0x5f0 src/ASF/sam0/drivers/can/can.o
 .debug_macro   0x00008f32      0x5be src/ASF/sam0/drivers/can/can.o
 .debug_macro   0x000094f0      0x828 src/ASF/sam0/drivers/can/can.o
 .debug_macro   0x00009d18      0x172 src/ASF/sam0/drivers/can/can.o
 .debug_macro   0x00009e8a      0x286 src/ASF/sam0/drivers/can/can.o
 .debug_macro   0x0000a110      0x55f src/ASF/sam0/drivers/can/can.o
 .debug_macro   0x0000a66f      0x433 src/ASF/sam0/drivers/can/can.o
 .debug_macro   0x0000aaa2      0x21c src/ASF/sam0/drivers/can/can.o
 .debug_macro   0x0000acbe      0x7a2 src/ASF/sam0/drivers/can/can.o
 .debug_macro   0x0000b460      0x557 src/ASF/sam0/drivers/can/can.o
 .debug_macro   0x0000b9b7      0x335 src/ASF/sam0/drivers/can/can.o
 .debug_macro   0x0000bcec      0x6ab src/ASF/sam0/drivers/can/can.o
 .debug_macro   0x0000c397       0xc4 src/ASF/sam0/drivers/can/can.o
 .debug_macro   0x0000c45b      0x349 src/ASF/sam0/drivers/can/can.o
 .debug_macro   0x0000c7a4       0x6a src/ASF/sam0/drivers/can/can.o
 .debug_macro   0x0000c80e     0x1216 src/ASF/sam0/drivers/can/can.o
 .debug_macro   0x0000da24      0x5a9 src/ASF/sam0/drivers/can/can.o
 .debug_macro   0x0000dfcd      0xfc5 src/ASF/sam0/drivers/can/can.o
 .debug_macro   0x0000ef92      0x5a1 src/ASF/sam0/drivers/can/can.o
 .debug_macro   0x0000f533      0x3c4 src/ASF/sam0/drivers/can/can.o
 .debug_macro   0x0000f8f7      0x8b2 src/ASF/sam0/drivers/can/can.o
 .debug_macro   0x000101a9     0x19c2 src/ASF/sam0/drivers/can/can.o
 .debug_macro   0x00011b6b      0x39c src/ASF/sam0/drivers/can/can.o
 .debug_macro   0x00011f07      0x36e src/ASF/sam0/drivers/can/can.o
 .debug_macro   0x00012275       0x94 src/ASF/sam0/drivers/can/can.o
 .debug_macro   0x00012309       0xac src/ASF/sam0/drivers/can/can.o
 .debug_macro   0x000123b5       0xac src/ASF/sam0/drivers/can/can.o
 .debug_macro   0x00012461      0x14d src/ASF/sam0/drivers/can/can.o
 .debug_macro   0x000125ae      0x14d src/ASF/sam0/drivers/can/can.o
 .debug_macro   0x000126fb       0x4c src/ASF/sam0/drivers/can/can.o
 .debug_macro   0x00012747       0x58 src/ASF/sam0/drivers/can/can.o
 .debug_macro   0x0001279f       0x3a src/ASF/sam0/drivers/can/can.o
 .debug_macro   0x000127d9       0xd0 src/ASF/sam0/drivers/can/can.o
 .debug_macro   0x000128a9       0xb8 src/ASF/sam0/drivers/can/can.o
 .debug_macro   0x00012961       0x64 src/ASF/sam0/drivers/can/can.o
 .debug_macro   0x000129c5      0x5fe src/ASF/sam0/drivers/can/can.o
 .debug_macro   0x00012fc3       0x46 src/ASF/sam0/drivers/can/can.o
 .debug_macro   0x00013009      0x1c2 src/ASF/sam0/drivers/can/can.o
 .debug_macro   0x000131cb      0x188 src/ASF/sam0/drivers/can/can.o
 .debug_macro   0x00013353       0x52 src/ASF/sam0/drivers/can/can.o
 .debug_macro   0x000133a5       0xa0 src/ASF/sam0/drivers/can/can.o
 .debug_macro   0x00013445       0xdc src/ASF/sam0/drivers/can/can.o
 .debug_macro   0x00013521       0x8e src/ASF/sam0/drivers/can/can.o
 .debug_macro   0x000135af       0x4c src/ASF/sam0/drivers/can/can.o
 .debug_macro   0x000135fb       0x64 src/ASF/sam0/drivers/can/can.o
 .debug_macro   0x0001365f       0x22 src/ASF/sam0/drivers/can/can.o
 .debug_macro   0x00013681      0x16e src/ASF/sam0/drivers/can/can.o
 .debug_macro   0x000137ef       0x16 src/ASF/sam0/drivers/can/can.o
 .debug_macro   0x00013805       0xd6 src/ASF/sam0/drivers/can/can.o
 .debug_macro   0x000138db       0xa0 src/ASF/sam0/drivers/can/can.o
 .debug_macro   0x0001397b      0x136 src/ASF/sam0/drivers/can/can.o
 .debug_macro   0x00013ab1      0x136 src/ASF/sam0/drivers/can/can.o
 .debug_macro   0x00013be7      0x136 src/ASF/sam0/drivers/can/can.o
 .debug_macro   0x00013d1d      0x136 src/ASF/sam0/drivers/can/can.o
 .debug_macro   0x00013e53      0x136 src/ASF/sam0/drivers/can/can.o
 .debug_macro   0x00013f89      0x136 src/ASF/sam0/drivers/can/can.o
 .debug_macro   0x000140bf       0x4c src/ASF/sam0/drivers/can/can.o
 .debug_macro   0x0001410b      0x16c src/ASF/sam0/drivers/can/can.o
 .debug_macro   0x00014277       0xfa src/ASF/sam0/drivers/can/can.o
 .debug_macro   0x00014371       0xfa src/ASF/sam0/drivers/can/can.o
 .debug_macro   0x0001446b       0xfa src/ASF/sam0/drivers/can/can.o
 .debug_macro   0x00014565       0xfa src/ASF/sam0/drivers/can/can.o
 .debug_macro   0x0001465f       0xfa src/ASF/sam0/drivers/can/can.o
 .debug_macro   0x00014759      0x124 src/ASF/sam0/drivers/can/can.o
 .debug_macro   0x0001487d       0xfa src/ASF/sam0/drivers/can/can.o
 .debug_macro   0x00014977       0xee src/ASF/sam0/drivers/can/can.o
 .debug_macro   0x00014a65       0x76 src/ASF/sam0/drivers/can/can.o
 .debug_macro   0x00014adb       0x3a src/ASF/sam0/drivers/can/can.o
 .debug_macro   0x00014b15      0x487 src/ASF/sam0/drivers/can/can.o
 .debug_macro   0x00014f9c     0x2683 src/ASF/sam0/drivers/can/can.o
 .debug_macro   0x0001761f       0x82 src/ASF/sam0/drivers/can/can.o
 .debug_macro   0x000176a1       0x58 src/ASF/sam0/drivers/can/can.o
 .debug_macro   0x000176f9       0x35 src/ASF/sam0/drivers/can/can.o
 .debug_macro   0x0001772e       0x9c src/ASF/sam0/drivers/can/can.o
 .debug_macro   0x000177ca       0x16 src/ASF/sam0/drivers/can/can.o
 .debug_macro   0x000177e0       0x35 src/ASF/sam0/drivers/can/can.o
 .debug_macro   0x00017815      0x34d src/ASF/sam0/drivers/can/can.o
 .debug_macro   0x00017b62       0x10 src/ASF/sam0/drivers/can/can.o
 .debug_macro   0x00017b72       0x58 src/ASF/sam0/drivers/can/can.o
 .debug_macro   0x00017bca       0x1f src/ASF/sam0/drivers/can/can.o
 .debug_macro   0x00017be9       0x43 src/ASF/sam0/drivers/can/can.o
 .debug_macro   0x00017c2c       0x20 src/ASF/sam0/drivers/can/can.o
 .debug_macro   0x00017c4c      0x187 src/ASF/sam0/drivers/can/can.o
 .debug_macro   0x00017dd3       0x10 src/ASF/sam0/drivers/can/can.o
 .debug_macro   0x00017de3       0x1c src/ASF/sam0/drivers/can/can.o
 .debug_macro   0x00017dff       0x52 src/ASF/sam0/drivers/can/can.o
 .debug_macro   0x00017e51       0x40 src/ASF/sam0/drivers/can/can.o
 .debug_macro   0x00017e91       0x10 src/ASF/sam0/drivers/can/can.o
 .debug_macro   0x00017ea1       0x40 src/ASF/sam0/drivers/can/can.o
 .debug_macro   0x00017ee1       0xd7 src/ASF/sam0/drivers/can/can.o
 .debug_macro   0x00017fb8       0x16 src/ASF/sam0/drivers/can/can.o
 .debug_macro   0x00017fce      0x18b src/ASF/sam0/drivers/can/can.o
 .debug_macro   0x00018159       0x16 src/ASF/sam0/drivers/can/can.o
 .debug_macro   0x0001816f       0x16 src/ASF/sam0/drivers/can/can.o
 .debug_macro   0x00018185       0x29 src/ASF/sam0/drivers/can/can.o
 .debug_macro   0x000181ae       0x51 src/ASF/sam0/drivers/can/can.o
 .debug_macro   0x000181ff       0x3e src/ASF/sam0/drivers/can/can.o
 .debug_macro   0x0001823d      0x3df src/ASF/sam0/drivers/can/can.o
 .debug_macro   0x0001861c       0x18 src/ASF/sam0/drivers/can/can.o
 .debug_macro   0x00018634       0xa0 src/ASF/sam0/drivers/can/can.o
 .debug_macro   0x000186d4      0x36c src/ASF/sam0/drivers/can/can.o
 .debug_macro   0x00018a40       0x16 src/ASF/sam0/drivers/can/can.o
 .debug_macro   0x00018a56      0x692 src/ASF/common2/boards/user_board/init.o
 .debug_macro   0x000190e8      0x2df src/ASF/common2/boards/user_board/init.o
 .debug_macro   0x000193c7       0x2e src/ASF/common2/boards/user_board/init.o
 .debug_macro   0x000193f5      0x5e0 src/ASF/common/utils/interrupt/interrupt_sam_nvic.o
 .debug_macro   0x000199d5      0x650 src/ASF/sam0/drivers/system/clock/clock_samc20_c21/clock.o
 .debug_macro   0x0001a025      0x25f src/ASF/sam0/drivers/system/clock/clock_samc20_c21/clock.o
 .debug_macro   0x0001a284      0x61c src/ASF/sam0/drivers/system/clock/clock_samc20_c21/gclk.o
 .debug_macro   0x0001a8a0      0x5f1 src/ASF/sam0/drivers/system/pinmux/pinmux.o
 .debug_macro   0x0001ae91       0x12 src/ASF/sam0/drivers/system/pinmux/pinmux.o
 .debug_macro   0x0001aea3      0x62c src/ASF/sam0/drivers/system/system.o
 .debug_macro   0x0001b4cf      0x3c4 src/ASF/sam0/utils/cmsis/samc21/source/gcc/startup_samc21.o
 .debug_macro   0x0001b893       0x3a src/ASF/sam0/utils/cmsis/samc21/source/gcc/startup_samc21.o
 .debug_macro   0x0001b8cd      0x6b0 src/main.o

.debug_line     0x00000000     0x6736
 .debug_line    0x00000000      0xdf5 src/ASF/sam0/drivers/can/can.o
 .debug_line    0x00000df5      0xc1b src/ASF/common2/boards/user_board/init.o
 .debug_line    0x00001a10      0x9bc src/ASF/common/utils/interrupt/interrupt_sam_nvic.o
 .debug_line    0x000023cc      0xceb src/ASF/sam0/drivers/system/clock/clock_samc20_c21/clock.o
 .debug_line    0x000030b7      0xcfd src/ASF/sam0/drivers/system/clock/clock_samc20_c21/gclk.o
 .debug_line    0x00003db4      0xa3b src/ASF/sam0/drivers/system/pinmux/pinmux.o
 .debug_line    0x000047ef      0xad6 src/ASF/sam0/drivers/system/system.o
 .debug_line    0x000052c5      0x739 src/ASF/sam0/utils/cmsis/samc21/source/gcc/startup_samc21.o
 .debug_line    0x000059fe      0xd38 src/main.o

.debug_str      0x00000000    0x9f3b3
 .debug_str     0x00000000    0x9a6c4 src/ASF/sam0/drivers/can/can.o
                              0x9b2c1 (size before relaxing)
 .debug_str     0x0009a6c4      0xac4 src/ASF/common2/boards/user_board/init.o
                              0x9a1e0 (size before relaxing)
 .debug_str     0x0009b188       0x94 src/ASF/common/utils/interrupt/interrupt_sam_nvic.o
                              0x97112 (size before relaxing)
 .debug_str     0x0009b21c     0x29fb src/ASF/sam0/drivers/system/clock/clock_samc20_c21/clock.o
                              0x9a345 (size before relaxing)
 .debug_str     0x0009dc17      0x27a src/ASF/sam0/drivers/system/clock/clock_samc20_c21/gclk.o
                              0x97ccb (size before relaxing)
 .debug_str     0x0009de91      0x4cd src/ASF/sam0/drivers/system/pinmux/pinmux.o
                              0x97612 (size before relaxing)
 .debug_str     0x0009e35e       0x47 src/ASF/sam0/drivers/system/system.o
                              0x971a2 (size before relaxing)
 .debug_str     0x0009e3a5      0x3f9 src/ASF/sam0/utils/cmsis/samc21/source/gcc/startup_samc21.o
                              0x813ca (size before relaxing)
 .debug_str     0x0009e79e      0xc15 src/main.o
                              0x9c2d9 (size before relaxing)

.debug_frame    0x00000000      0x74c
 .debug_frame   0x00000000      0x1f0 src/ASF/sam0/drivers/can/can.o
 .debug_frame   0x000001f0       0x20 src/ASF/common2/boards/user_board/init.o
 .debug_frame   0x00000210       0x30 src/ASF/common/utils/interrupt/interrupt_sam_nvic.o
 .debug_frame   0x00000240      0x140 src/ASF/sam0/drivers/system/clock/clock_samc20_c21/clock.o
 .debug_frame   0x00000380      0x150 src/ASF/sam0/drivers/system/clock/clock_samc20_c21/gclk.o
 .debug_frame   0x000004d0       0x98 src/ASF/sam0/drivers/system/pinmux/pinmux.o
 .debug_frame   0x00000568       0x38 src/ASF/sam0/drivers/system/system.o
 .debug_frame   0x000005a0       0x38 src/ASF/sam0/utils/cmsis/samc21/source/gcc/startup_samc21.o
 .debug_frame   0x000005d8       0xb8 src/main.o
 .debug_frame   0x00000690       0x3c c:/program files (x86)/atmel/studio/7.0/toolchain/arm/arm-gnu-toolchain/bin/../lib/gcc/arm-none-eabi/6.3.1/thumb/v6-m\libgcc.a(divsf3.o)
 .debug_frame   0x000006cc       0x2c c:/program files (x86)/atmel/studio/7.0/toolchain/arm/arm-gnu-toolchain/bin/../lib/gcc/arm-none-eabi/6.3.1/thumb/v6-m\libgcc.a(floatsisf.o)
 .debug_frame   0x000006f8       0x2c c:/program files (x86)/atmel/studio/7.0/toolchain/arm/arm-gnu-toolchain/bin/../lib/gcc/arm-none-eabi/6.3.1/../../../../arm-none-eabi/lib/thumb/v6-m\libc_nano.a(lib_a-init.o)
 .debug_frame   0x00000724       0x28 c:/program files (x86)/atmel/studio/7.0/toolchain/arm/arm-gnu-toolchain/bin/../lib/gcc/arm-none-eabi/6.3.1/../../../../arm-none-eabi/lib/thumb/v6-m\libc_nano.a(lib_a-memcpy-stub.o)

Cross Reference Table

Symbol                                            File
AC_Handler                                        src/ASF/sam0/utils/cmsis/samc21/source/gcc/startup_samc21.o
ADC0_Handler                                      src/ASF/sam0/utils/cmsis/samc21/source/gcc/startup_samc21.o
ADC1_Handler                                      src/ASF/sam0/utils/cmsis/samc21/source/gcc/startup_samc21.o
CAN0_Handler                                      src/ASF/sam0/utils/cmsis/samc21/source/gcc/startup_samc21.o
CAN0_Handler1                                     src/main.o
CAN1_Handler                                      src/ASF/sam0/utils/cmsis/samc21/source/gcc/startup_samc21.o
DAC_Handler                                       src/ASF/sam0/utils/cmsis/samc21/source/gcc/startup_samc21.o
DMAC_Handler                                      src/ASF/sam0/utils/cmsis/samc21/source/gcc/startup_samc21.o
Dummy_Handler                                     src/ASF/sam0/utils/cmsis/samc21/source/gcc/startup_samc21.o
EIC_Handler                                       src/ASF/sam0/utils/cmsis/samc21/source/gcc/startup_samc21.o
EVSYS_Handler                                     src/ASF/sam0/utils/cmsis/samc21/source/gcc/startup_samc21.o
FREQM_Handler                                     src/ASF/sam0/utils/cmsis/samc21/source/gcc/startup_samc21.o
HardFault_Handler                                 src/ASF/sam0/utils/cmsis/samc21/source/gcc/startup_samc21.o
NMI_Handler                                       src/ASF/sam0/utils/cmsis/samc21/source/gcc/startup_samc21.o
NVMCTRL_Handler                                   src/ASF/sam0/utils/cmsis/samc21/source/gcc/startup_samc21.o
PTC_Handler                                       src/ASF/sam0/utils/cmsis/samc21/source/gcc/startup_samc21.o
PendSV_Handler                                    src/ASF/sam0/utils/cmsis/samc21/source/gcc/startup_samc21.o
RTC_Handler                                       src/ASF/sam0/utils/cmsis/samc21/source/gcc/startup_samc21.o
Reset_Handler                                     src/ASF/sam0/utils/cmsis/samc21/source/gcc/startup_samc21.o
SDADC_Handler                                     src/ASF/sam0/utils/cmsis/samc21/source/gcc/startup_samc21.o
SERCOM0_Handler                                   src/ASF/sam0/utils/cmsis/samc21/source/gcc/startup_samc21.o
SERCOM1_Handler                                   src/ASF/sam0/utils/cmsis/samc21/source/gcc/startup_samc21.o
SERCOM2_Handler                                   src/ASF/sam0/utils/cmsis/samc21/source/gcc/startup_samc21.o
SERCOM3_Handler                                   src/ASF/sam0/utils/cmsis/samc21/source/gcc/startup_samc21.o
SERCOM4_Handler                                   src/ASF/sam0/utils/cmsis/samc21/source/gcc/startup_samc21.o
SERCOM5_Handler                                   src/ASF/sam0/utils/cmsis/samc21/source/gcc/startup_samc21.o
SVC_Handler                                       src/ASF/sam0/utils/cmsis/samc21/source/gcc/startup_samc21.o
SYSTEM_Handler                                    src/ASF/sam0/utils/cmsis/samc21/source/gcc/startup_samc21.o
SysTick_Handler                                   src/ASF/sam0/utils/cmsis/samc21/source/gcc/startup_samc21.o
SystemCoreClock                                   src/ASF/sam0/utils/cmsis/samc21/source/system_samc21.o
SystemCoreClockUpdate                             src/ASF/sam0/utils/cmsis/samc21/source/system_samc21.o
SystemInit                                        src/ASF/sam0/utils/cmsis/samc21/source/system_samc21.o
TC0_Handler                                       src/ASF/sam0/utils/cmsis/samc21/source/gcc/startup_samc21.o
TC1_Handler                                       src/ASF/sam0/utils/cmsis/samc21/source/gcc/startup_samc21.o
TC2_Handler                                       src/ASF/sam0/utils/cmsis/samc21/source/gcc/startup_samc21.o
TC3_Handler                                       src/ASF/sam0/utils/cmsis/samc21/source/gcc/startup_samc21.o
TC4_Handler                                       src/ASF/sam0/utils/cmsis/samc21/source/gcc/startup_samc21.o
TCC0_Handler                                      src/ASF/sam0/utils/cmsis/samc21/source/gcc/startup_samc21.o
TCC1_Handler                                      src/ASF/sam0/utils/cmsis/samc21/source/gcc/startup_samc21.o
TCC2_Handler                                      src/ASF/sam0/utils/cmsis/samc21/source/gcc/startup_samc21.o
TSENS_Handler                                     src/ASF/sam0/utils/cmsis/samc21/source/gcc/startup_samc21.o
WDT_Handler                                       src/ASF/sam0/utils/cmsis/samc21/source/gcc/startup_samc21.o
_Jv_RegisterClasses                               c:/program files (x86)/atmel/studio/7.0/toolchain/arm/arm-gnu-toolchain/bin/../lib/gcc/arm-none-eabi/6.3.1/thumb/v6-m/crtbegin.o
__aeabi_fdiv                                      c:/program files (x86)/atmel/studio/7.0/toolchain/arm/arm-gnu-toolchain/bin/../lib/gcc/arm-none-eabi/6.3.1/thumb/v6-m\libgcc.a(divsf3.o)
                                                  src/main.o
__aeabi_i2f                                       c:/program files (x86)/atmel/studio/7.0/toolchain/arm/arm-gnu-toolchain/bin/../lib/gcc/arm-none-eabi/6.3.1/thumb/v6-m\libgcc.a(floatsisf.o)
                                                  src/main.o
__aeabi_idiv0                                     c:/program files (x86)/atmel/studio/7.0/toolchain/arm/arm-gnu-toolchain/bin/../lib/gcc/arm-none-eabi/6.3.1/thumb/v6-m\libgcc.a(_dvmd_tls.o)
                                                  c:/program files (x86)/atmel/studio/7.0/toolchain/arm/arm-gnu-toolchain/bin/../lib/gcc/arm-none-eabi/6.3.1/thumb/v6-m\libgcc.a(_udivsi3.o)
__aeabi_ldiv0                                     c:/program files (x86)/atmel/studio/7.0/toolchain/arm/arm-gnu-toolchain/bin/../lib/gcc/arm-none-eabi/6.3.1/thumb/v6-m\libgcc.a(_dvmd_tls.o)
__aeabi_uidiv                                     c:/program files (x86)/atmel/studio/7.0/toolchain/arm/arm-gnu-toolchain/bin/../lib/gcc/arm-none-eabi/6.3.1/thumb/v6-m\libgcc.a(_udivsi3.o)
                                                  src/ASF/sam0/drivers/system/clock/clock_samc20_c21/gclk.o
                                                  src/ASF/sam0/drivers/system/clock/clock_samc20_c21/clock.o
                                                  src/ASF/sam0/drivers/can/can.o
__aeabi_uidivmod                                  c:/program files (x86)/atmel/studio/7.0/toolchain/arm/arm-gnu-toolchain/bin/../lib/gcc/arm-none-eabi/6.3.1/thumb/v6-m\libgcc.a(_udivsi3.o)
__bss_end__                                       c:/program files (x86)/atmel/studio/7.0/toolchain/arm/arm-gnu-toolchain/bin/../lib/gcc/arm-none-eabi/6.3.1/../../../../arm-none-eabi/lib/thumb/v6-m/crt0.o
__bss_start__                                     c:/program files (x86)/atmel/studio/7.0/toolchain/arm/arm-gnu-toolchain/bin/../lib/gcc/arm-none-eabi/6.3.1/../../../../arm-none-eabi/lib/thumb/v6-m/crt0.o
__call_exitprocs                                  c:/program files (x86)/atmel/studio/7.0/toolchain/arm/arm-gnu-toolchain/bin/../lib/gcc/arm-none-eabi/6.3.1/../../../../arm-none-eabi/lib/thumb/v6-m\libc_nano.a(lib_a-exit.o)
__clzsi2                                          c:/program files (x86)/atmel/studio/7.0/toolchain/arm/arm-gnu-toolchain/bin/../lib/gcc/arm-none-eabi/6.3.1/thumb/v6-m\libgcc.a(_clzsi2.o)
                                                  c:/program files (x86)/atmel/studio/7.0/toolchain/arm/arm-gnu-toolchain/bin/../lib/gcc/arm-none-eabi/6.3.1/thumb/v6-m\libgcc.a(floatsisf.o)
                                                  c:/program files (x86)/atmel/studio/7.0/toolchain/arm/arm-gnu-toolchain/bin/../lib/gcc/arm-none-eabi/6.3.1/thumb/v6-m\libgcc.a(divsf3.o)
__deregister_frame_info                           c:/program files (x86)/atmel/studio/7.0/toolchain/arm/arm-gnu-toolchain/bin/../lib/gcc/arm-none-eabi/6.3.1/thumb/v6-m/crtbegin.o
__dso_handle                                      c:/program files (x86)/atmel/studio/7.0/toolchain/arm/arm-gnu-toolchain/bin/../lib/gcc/arm-none-eabi/6.3.1/thumb/v6-m/crtbegin.o
__init_array_end                                  c:/program files (x86)/atmel/studio/7.0/toolchain/arm/arm-gnu-toolchain/bin/../lib/gcc/arm-none-eabi/6.3.1/../../../../arm-none-eabi/lib/thumb/v6-m\libc_nano.a(lib_a-init.o)
__init_array_start                                c:/program files (x86)/atmel/studio/7.0/toolchain/arm/arm-gnu-toolchain/bin/../lib/gcc/arm-none-eabi/6.3.1/../../../../arm-none-eabi/lib/thumb/v6-m\libc_nano.a(lib_a-init.o)
__libc_fini_array                                 c:/program files (x86)/atmel/studio/7.0/toolchain/arm/arm-gnu-toolchain/bin/../lib/gcc/arm-none-eabi/6.3.1/../../../../arm-none-eabi/lib/thumb/v6-m/crt0.o
__libc_init_array                                 c:/program files (x86)/atmel/studio/7.0/toolchain/arm/arm-gnu-toolchain/bin/../lib/gcc/arm-none-eabi/6.3.1/../../../../arm-none-eabi/lib/thumb/v6-m\libc_nano.a(lib_a-init.o)
                                                  src/ASF/sam0/utils/cmsis/samc21/source/gcc/startup_samc21.o
                                                  c:/program files (x86)/atmel/studio/7.0/toolchain/arm/arm-gnu-toolchain/bin/../lib/gcc/arm-none-eabi/6.3.1/../../../../arm-none-eabi/lib/thumb/v6-m/crt0.o
__preinit_array_end                               c:/program files (x86)/atmel/studio/7.0/toolchain/arm/arm-gnu-toolchain/bin/../lib/gcc/arm-none-eabi/6.3.1/../../../../arm-none-eabi/lib/thumb/v6-m\libc_nano.a(lib_a-init.o)
__preinit_array_start                             c:/program files (x86)/atmel/studio/7.0/toolchain/arm/arm-gnu-toolchain/bin/../lib/gcc/arm-none-eabi/6.3.1/../../../../arm-none-eabi/lib/thumb/v6-m\libc_nano.a(lib_a-init.o)
__register_frame_info                             c:/program files (x86)/atmel/studio/7.0/toolchain/arm/arm-gnu-toolchain/bin/../lib/gcc/arm-none-eabi/6.3.1/thumb/v6-m/crtbegin.o
__sf_fake_stderr                                  c:/program files (x86)/atmel/studio/7.0/toolchain/arm/arm-gnu-toolchain/bin/../lib/gcc/arm-none-eabi/6.3.1/../../../../arm-none-eabi/lib/thumb/v6-m\libc_nano.a(lib_a-impure.o)
__sf_fake_stdin                                   c:/program files (x86)/atmel/studio/7.0/toolchain/arm/arm-gnu-toolchain/bin/../lib/gcc/arm-none-eabi/6.3.1/../../../../arm-none-eabi/lib/thumb/v6-m\libc_nano.a(lib_a-impure.o)
__sf_fake_stdout                                  c:/program files (x86)/atmel/studio/7.0/toolchain/arm/arm-gnu-toolchain/bin/../lib/gcc/arm-none-eabi/6.3.1/../../../../arm-none-eabi/lib/thumb/v6-m\libc_nano.a(lib_a-impure.o)
__stack                                           c:/program files (x86)/atmel/studio/7.0/toolchain/arm/arm-gnu-toolchain/bin/../lib/gcc/arm-none-eabi/6.3.1/../../../../arm-none-eabi/lib/thumb/v6-m/crt0.o
__udivsi3                                         c:/program files (x86)/atmel/studio/7.0/toolchain/arm/arm-gnu-toolchain/bin/../lib/gcc/arm-none-eabi/6.3.1/thumb/v6-m\libgcc.a(_udivsi3.o)
_close                                            src/ASF/sam0/utils/syscalls/gcc/syscalls.o
_end                                              src/ASF/sam0/utils/syscalls/gcc/syscalls.o
_erelocate                                        src/ASF/sam0/utils/cmsis/samc21/source/gcc/startup_samc21.o
_estack                                           src/ASF/sam0/utils/cmsis/samc21/source/gcc/startup_samc21.o
_etext                                            src/ASF/sam0/utils/cmsis/samc21/source/gcc/startup_samc21.o
_exit                                             src/ASF/sam0/utils/syscalls/gcc/syscalls.o
                                                  c:/program files (x86)/atmel/studio/7.0/toolchain/arm/arm-gnu-toolchain/bin/../lib/gcc/arm-none-eabi/6.3.1/../../../../arm-none-eabi/lib/thumb/v6-m\libc_nano.a(lib_a-exit.o)
_ezero                                            src/ASF/sam0/utils/cmsis/samc21/source/gcc/startup_samc21.o
_fini                                             c:/program files (x86)/atmel/studio/7.0/toolchain/arm/arm-gnu-toolchain/bin/../lib/gcc/arm-none-eabi/6.3.1/thumb/v6-m/crti.o
_fstat                                            src/ASF/sam0/utils/syscalls/gcc/syscalls.o
_getpid                                           src/ASF/sam0/utils/syscalls/gcc/syscalls.o
_global_impure_ptr                                c:/program files (x86)/atmel/studio/7.0/toolchain/arm/arm-gnu-toolchain/bin/../lib/gcc/arm-none-eabi/6.3.1/../../../../arm-none-eabi/lib/thumb/v6-m\libc_nano.a(lib_a-impure.o)
                                                  c:/program files (x86)/atmel/studio/7.0/toolchain/arm/arm-gnu-toolchain/bin/../lib/gcc/arm-none-eabi/6.3.1/../../../../arm-none-eabi/lib/thumb/v6-m\libc_nano.a(lib_a-exit.o)
_impure_ptr                                       c:/program files (x86)/atmel/studio/7.0/toolchain/arm/arm-gnu-toolchain/bin/../lib/gcc/arm-none-eabi/6.3.1/../../../../arm-none-eabi/lib/thumb/v6-m\libc_nano.a(lib_a-impure.o)
_init                                             c:/program files (x86)/atmel/studio/7.0/toolchain/arm/arm-gnu-toolchain/bin/../lib/gcc/arm-none-eabi/6.3.1/thumb/v6-m/crti.o
                                                  c:/program files (x86)/atmel/studio/7.0/toolchain/arm/arm-gnu-toolchain/bin/../lib/gcc/arm-none-eabi/6.3.1/../../../../arm-none-eabi/lib/thumb/v6-m\libc_nano.a(lib_a-init.o)
_isatty                                           src/ASF/sam0/utils/syscalls/gcc/syscalls.o
_kill                                             src/ASF/sam0/utils/syscalls/gcc/syscalls.o
_lseek                                            src/ASF/sam0/utils/syscalls/gcc/syscalls.o
_mainCRTStartup                                   c:/program files (x86)/atmel/studio/7.0/toolchain/arm/arm-gnu-toolchain/bin/../lib/gcc/arm-none-eabi/6.3.1/../../../../arm-none-eabi/lib/thumb/v6-m/crt0.o
_sbrk                                             src/ASF/sam0/utils/syscalls/gcc/syscalls.o
_sfixed                                           src/ASF/sam0/utils/cmsis/samc21/source/gcc/startup_samc21.o
_srelocate                                        src/ASF/sam0/utils/cmsis/samc21/source/gcc/startup_samc21.o
_start                                            c:/program files (x86)/atmel/studio/7.0/toolchain/arm/arm-gnu-toolchain/bin/../lib/gcc/arm-none-eabi/6.3.1/../../../../arm-none-eabi/lib/thumb/v6-m/crt0.o
_system_divas_init                                src/ASF/sam0/drivers/system/system.o
_system_dummy_init                                src/ASF/sam0/drivers/system/system.o
_system_events_init                               src/ASF/sam0/drivers/system/system.o
_system_extint_init                               src/ASF/sam0/drivers/system/system.o
_szero                                            src/ASF/sam0/utils/cmsis/samc21/source/gcc/startup_samc21.o
atexit                                            c:/program files (x86)/atmel/studio/7.0/toolchain/arm/arm-gnu-toolchain/bin/../lib/gcc/arm-none-eabi/6.3.1/../../../../arm-none-eabi/lib/thumb/v6-m/crt0.o
board_init                                        src/ASF/common2/boards/user_board/init.o
can_disable_bus_monitor_mode                      src/ASF/sam0/drivers/can/can.o
can_disable_fd_mode                               src/ASF/sam0/drivers/can/can.o
can_disable_restricted_operation_mode             src/ASF/sam0/drivers/can/can.o
can_disable_sleep_mode                            src/ASF/sam0/drivers/can/can.o
can_disable_test_mode                             src/ASF/sam0/drivers/can/can.o
can_enable_bus_monitor_mode                       src/ASF/sam0/drivers/can/can.o
can_enable_fd_mode                                src/ASF/sam0/drivers/can/can.o
can_enable_restricted_operation_mode              src/ASF/sam0/drivers/can/can.o
can_enable_sleep_mode                             src/ASF/sam0/drivers/can/can.o
can_enable_test_mode                              src/ASF/sam0/drivers/can/can.o
can_fd_set_baudrate                               src/ASF/sam0/drivers/can/can.o
can_get_rx_buffer_element                         src/ASF/sam0/drivers/can/can.o
can_get_rx_fifo_0_element                         src/ASF/sam0/drivers/can/can.o
                                                  src/main.o
can_get_rx_fifo_1_element                         src/ASF/sam0/drivers/can/can.o
can_get_tx_event_fifo_element                     src/ASF/sam0/drivers/can/can.o
can_init                                          src/ASF/sam0/drivers/can/can.o
                                                  src/main.o
can_instance                                      src/main.o
can_set_baudrate                                  src/ASF/sam0/drivers/can/can.o
can_set_rx_extended_filter                        src/ASF/sam0/drivers/can/can.o
                                                  src/main.o
can_set_rx_standard_filter                        src/ASF/sam0/drivers/can/can.o
can_set_tx_buffer_element                         src/ASF/sam0/drivers/can/can.o
                                                  src/main.o
can_start                                         src/ASF/sam0/drivers/can/can.o
                                                  src/main.o
can_stop                                          src/ASF/sam0/drivers/can/can.o
combined_value                                    src/main.o
configure_can                                     src/main.o
configure_can_filter                              src/main.o
configure_can_pins                                src/main.o
cpu_irq_enter_critical                            src/ASF/common/utils/interrupt/interrupt_sam_nvic.o
                                                  src/ASF/sam0/drivers/system/clock/clock_samc20_c21/gclk.o
cpu_irq_leave_critical                            src/ASF/common/utils/interrupt/interrupt_sam_nvic.o
                                                  src/ASF/sam0/drivers/system/clock/clock_samc20_c21/gclk.o
exception_table                                   src/ASF/sam0/utils/cmsis/samc21/source/gcc/startup_samc21.o
exit                                              c:/program files (x86)/atmel/studio/7.0/toolchain/arm/arm-gnu-toolchain/bin/../lib/gcc/arm-none-eabi/6.3.1/../../../../arm-none-eabi/lib/thumb/v6-m\libc_nano.a(lib_a-exit.o)
                                                  c:/program files (x86)/atmel/studio/7.0/toolchain/arm/arm-gnu-toolchain/bin/../lib/gcc/arm-none-eabi/6.3.1/../../../../arm-none-eabi/lib/thumb/v6-m/crt0.o
g_interrupt_enabled                               src/ASF/common/utils/interrupt/interrupt_sam_nvic.o
gclk_chan_conf                                    src/ASF/sam0/drivers/can/can.o
hardware_init_hook                                c:/program files (x86)/atmel/studio/7.0/toolchain/arm/arm-gnu-toolchain/bin/../lib/gcc/arm-none-eabi/6.3.1/../../../../arm-none-eabi/lib/thumb/v6-m/crt0.o
link                                              src/ASF/sam0/utils/syscalls/gcc/syscalls.o
main                                              src/main.o
                                                  src/ASF/sam0/utils/cmsis/samc21/source/gcc/startup_samc21.o
                                                  c:/program files (x86)/atmel/studio/7.0/toolchain/arm/arm-gnu-toolchain/bin/../lib/gcc/arm-none-eabi/6.3.1/../../../../arm-none-eabi/lib/thumb/v6-m/crt0.o
memcpy                                            c:/program files (x86)/atmel/studio/7.0/toolchain/arm/arm-gnu-toolchain/bin/../lib/gcc/arm-none-eabi/6.3.1/../../../../arm-none-eabi/lib/thumb/v6-m\libc_nano.a(lib_a-memcpy-stub.o)
                                                  src/ASF/sam0/drivers/can/can.o
memset                                            c:/program files (x86)/atmel/studio/7.0/toolchain/arm/arm-gnu-toolchain/bin/../lib/gcc/arm-none-eabi/6.3.1/../../../../arm-none-eabi/lib/thumb/v6-m\libc_nano.a(lib_a-memset.o)
                                                  c:/program files (x86)/atmel/studio/7.0/toolchain/arm/arm-gnu-toolchain/bin/../lib/gcc/arm-none-eabi/6.3.1/../../../../arm-none-eabi/lib/thumb/v6-m/crt0.o
rec_current                                       src/main.o
rec_voltage                                       src/main.o
received_value                                    src/main.o
send_can_message                                  src/main.o
set_current                                       src/main.o
set_voltage                                       src/main.o
software_init_hook                                c:/program files (x86)/atmel/studio/7.0/toolchain/arm/arm-gnu-toolchain/bin/../lib/gcc/arm-none-eabi/6.3.1/../../../../arm-none-eabi/lib/thumb/v6-m/crt0.o
system_board_init                                 src/ASF/common2/boards/user_board/init.o
system_clock_init                                 src/ASF/sam0/drivers/system/clock/clock_samc20_c21/clock.o
system_clock_source_disable                       src/ASF/sam0/drivers/system/clock/clock_samc20_c21/clock.o
system_clock_source_dpll_set_config               src/ASF/sam0/drivers/system/clock/clock_samc20_c21/clock.o
system_clock_source_enable                        src/ASF/sam0/drivers/system/clock/clock_samc20_c21/clock.o
system_clock_source_get_hz                        src/ASF/sam0/drivers/system/clock/clock_samc20_c21/clock.o
                                                  src/ASF/sam0/drivers/system/clock/clock_samc20_c21/gclk.o
system_clock_source_is_ready                      src/ASF/sam0/drivers/system/clock/clock_samc20_c21/clock.o
system_clock_source_osc32k_set_config             src/ASF/sam0/drivers/system/clock/clock_samc20_c21/clock.o
system_clock_source_osc48m_set_config             src/ASF/sam0/drivers/system/clock/clock_samc20_c21/clock.o
system_clock_source_osculp32k_set_config          src/ASF/sam0/drivers/system/clock/clock_samc20_c21/clock.o
system_clock_source_write_calibration             src/ASF/sam0/drivers/system/clock/clock_samc20_c21/clock.o
system_clock_source_xosc32k_set_config            src/ASF/sam0/drivers/system/clock/clock_samc20_c21/clock.o
system_clock_source_xosc_set_config               src/ASF/sam0/drivers/system/clock/clock_samc20_c21/clock.o
system_gclk_chan_disable                          src/ASF/sam0/drivers/system/clock/clock_samc20_c21/gclk.o
system_gclk_chan_enable                           src/ASF/sam0/drivers/system/clock/clock_samc20_c21/gclk.o
                                                  src/ASF/sam0/drivers/can/can.o
system_gclk_chan_get_hz                           src/ASF/sam0/drivers/system/clock/clock_samc20_c21/gclk.o
                                                  src/ASF/sam0/drivers/can/can.o
system_gclk_chan_is_enabled                       src/ASF/sam0/drivers/system/clock/clock_samc20_c21/gclk.o
system_gclk_chan_is_locked                        src/ASF/sam0/drivers/system/clock/clock_samc20_c21/gclk.o
system_gclk_chan_lock                             src/ASF/sam0/drivers/system/clock/clock_samc20_c21/gclk.o
system_gclk_chan_set_config                       src/ASF/sam0/drivers/system/clock/clock_samc20_c21/gclk.o
                                                  src/ASF/sam0/drivers/can/can.o
system_gclk_gen_disable                           src/ASF/sam0/drivers/system/clock/clock_samc20_c21/gclk.o
system_gclk_gen_enable                            src/ASF/sam0/drivers/system/clock/clock_samc20_c21/gclk.o
                                                  src/ASF/sam0/drivers/system/clock/clock_samc20_c21/clock.o
system_gclk_gen_get_hz                            src/ASF/sam0/drivers/system/clock/clock_samc20_c21/gclk.o
system_gclk_gen_is_enabled                        src/ASF/sam0/drivers/system/clock/clock_samc20_c21/gclk.o
system_gclk_gen_set_config                        src/ASF/sam0/drivers/system/clock/clock_samc20_c21/gclk.o
                                                  src/ASF/sam0/drivers/system/clock/clock_samc20_c21/clock.o
system_gclk_init                                  src/ASF/sam0/drivers/system/clock/clock_samc20_c21/gclk.o
                                                  src/ASF/sam0/drivers/system/clock/clock_samc20_c21/clock.o
system_init                                       src/ASF/sam0/drivers/system/system.o
                                                  src/main.o
system_interrupt_clear_pending                    src/ASF/sam0/drivers/system/interrupt/system_interrupt.o
system_interrupt_get_priority                     src/ASF/sam0/drivers/system/interrupt/system_interrupt.o
system_interrupt_is_pending                       src/ASF/sam0/drivers/system/interrupt/system_interrupt.o
system_interrupt_set_pending                      src/ASF/sam0/drivers/system/interrupt/system_interrupt.o
system_interrupt_set_priority                     src/ASF/sam0/drivers/system/interrupt/system_interrupt.o
system_pinmux_group_set_config                    src/ASF/sam0/drivers/system/pinmux/pinmux.o
system_pinmux_group_set_input_sample_mode         src/ASF/sam0/drivers/system/pinmux/pinmux.o
system_pinmux_group_set_output_strength           src/ASF/sam0/drivers/system/pinmux/pinmux.o
system_pinmux_pin_set_config                      src/ASF/sam0/drivers/system/pinmux/pinmux.o
                                                  src/main.o
